Component: ARM Compiler 5.05 update 1 (build 106) Tool: armlink [4d0efa]

==============================================================================

Section Cross References

    stm32f4xx_it.o(.text) refers to stm32f4xx_hal.o(.text) for HAL_IncTick
    stm32f4xx_it.o(.text) refers to stm32f4xx_hal_cortex.o(.text) for HAL_SYSTICK_IRQHandler
    stm32f4xx_hal_msp.o(.text) refers to stm32f4xx_hal_cortex.o(.text) for HAL_NVIC_SetPriorityGrouping
    stm32f4xx_hal_msp.o(.text) refers to stm32f4xx_hal_gpio.o(.text) for HAL_GPIO_Init
    main.o(.text) refers to stm32f4xx_hal_rcc.o(.text) for HAL_RCC_OscConfig
    main.o(.text) refers to stm32f4xx_hal_cortex.o(.text) for HAL_SYSTICK_Config
    main.o(.text) refers to stm32f4xx_hal.o(.text) for HAL_Init
    main.o(.text) refers to stm32f4xx_hal_uart.o(.text) for HAL_UART_Init
    main.o(.text) refers to stm32f4xx_hal_tim.o(.text) for HAL_TIM_Base_Start
    main.o(.text) refers to stm32f4xx_hal_gpio.o(.text) for HAL_GPIO_Init
    main.o(.text) refers to stm32f4xx_hal_adc.o(.text) for HAL_ADC_Start
    main.o(.text) refers to stm32f4xx_hal_tim_ex.o(.text) for HAL_TIMEx_MasterConfigSynchronization
    main.o(.text) refers to main.o(.bss) for .bss
    main.o(.text) refers to main.o(.data) for .data
    system_stm32f4xx.o(.text) refers to system_stm32f4xx.o(.data) for .data
    system_stm32f4xx.o(.text) refers to system_stm32f4xx.o(.constdata) for .constdata
    startup_stm32f407xx.o(RESET) refers to startup_stm32f407xx.o(STACK) for __initial_sp
    startup_stm32f407xx.o(RESET) refers to startup_stm32f407xx.o(.text) for Reset_Handler
    startup_stm32f407xx.o(RESET) refers to stm32f4xx_it.o(.text) for NMI_Handler
    startup_stm32f407xx.o(.text) refers to system_stm32f4xx.o(.text) for SystemInit
    startup_stm32f407xx.o(.text) refers to entry.o(.ARM.Collect$$$$00000000) for __main
    stm32f4xx_hal_flash.o(.text) refers to stm32f4xx_hal.o(.text) for HAL_GetTick
    stm32f4xx_hal_flash.o(.text) refers to stm32f4xx_hal_flash_ex.o(.text) for FLASH_Erase_Sector
    stm32f4xx_hal_flash.o(.text) refers to stm32f4xx_hal_flash.o(.bss) for .bss
    stm32f4xx_hal_adc_ex.o(.text) refers to stm32f4xx_hal.o(.text) for HAL_GetTick
    stm32f4xx_hal_adc_ex.o(.text) refers to stm32f4xx_hal_adc.o(.text) for HAL_ADC_ErrorCallback
    stm32f4xx_hal_adc_ex.o(.text) refers to system_stm32f4xx.o(.data) for SystemCoreClock
    stm32f4xx_hal_adc_ex.o(.text) refers to stm32f4xx_hal_dma.o(.text) for HAL_DMA_Start_IT
    stm32f4xx_hal_dma.o(.text) refers to stm32f4xx_hal.o(.text) for HAL_GetTick
    stm32f4xx_hal_dma.o(.text) refers to stm32f4xx_hal_dma.o(.constdata) for .constdata
    stm32f4xx_hal_dma.o(.text) refers to system_stm32f4xx.o(.data) for SystemCoreClock
    stm32f4xx_hal_adc.o(.text) refers to stm32f4xx_hal_msp.o(.text) for HAL_ADC_MspInit
    stm32f4xx_hal_adc.o(.text) refers to stm32f4xx_hal.o(.text) for HAL_GetTick
    stm32f4xx_hal_adc.o(.text) refers to system_stm32f4xx.o(.data) for SystemCoreClock
    stm32f4xx_hal_adc.o(.text) refers to stm32f4xx_hal_adc_ex.o(.text) for HAL_ADCEx_InjectedConvCpltCallback
    stm32f4xx_hal_adc.o(.text) refers to stm32f4xx_hal_dma.o(.text) for HAL_DMA_Start_IT
    stm32f4xx_hal_tim.o(.text) refers to stm32f4xx_hal_msp.o(.text) for HAL_TIM_Base_MspInit
    stm32f4xx_hal_tim.o(.text) refers to stm32f4xx_hal_dma.o(.text) for HAL_DMA_Start_IT
    stm32f4xx_hal_tim.o(.text) refers to stm32f4xx_hal_tim_ex.o(.text) for HAL_TIMEx_BreakCallback
    stm32f4xx_hal_flash_ex.o(.text) refers to stm32f4xx_hal_flash.o(.text) for FLASH_WaitForLastOperation
    stm32f4xx_hal_flash_ex.o(.text) refers to stm32f4xx_hal_flash.o(.bss) for pFlash
    stm32f4xx_hal_uart.o(.text) refers to stm32f4xx_hal_rcc.o(.text) for HAL_RCC_GetPCLK2Freq
    stm32f4xx_hal_uart.o(.text) refers to stm32f4xx_hal_msp.o(.text) for HAL_UART_MspInit
    stm32f4xx_hal_uart.o(.text) refers to stm32f4xx_hal.o(.text) for HAL_GetTick
    stm32f4xx_hal_uart.o(.text) refers to stm32f4xx_hal_dma.o(.text) for HAL_DMA_Start_IT
    stm32f4xx_hal_tim_ex.o(.text) refers to stm32f4xx_hal_tim.o(.text) for TIM_Base_SetConfig
    stm32f4xx_hal_tim_ex.o(.text) refers to stm32f4xx_hal_dma.o(.text) for HAL_DMA_Start_IT
    stm32f4xx_hal_rcc.o(.text) refers to stm32f4xx_hal.o(.text) for HAL_GetTick
    stm32f4xx_hal_rcc.o(.text) refers to stm32f4xx_hal_gpio.o(.text) for HAL_GPIO_Init
    stm32f4xx_hal_rcc.o(.text) refers to stm32f4xx_hal_rcc.o(.constdata) for .constdata
    stm32f4xx_hal_rcc.o(.text) refers to system_stm32f4xx.o(.data) for SystemCoreClock
    stm32f4xx_hal.o(.text) refers to stm32f4xx_hal_cortex.o(.text) for HAL_SYSTICK_Config
    stm32f4xx_hal.o(.text) refers to stm32f4xx_hal_msp.o(.text) for HAL_MspInit
    stm32f4xx_hal.o(.text) refers to system_stm32f4xx.o(.data) for SystemCoreClock
    stm32f4xx_hal.o(.text) refers to stm32f4xx_hal.o(.data) for .data
    stm32f4xx_hal_pwr_ex.o(.text) refers to stm32f4xx_hal.o(.text) for HAL_GetTick
    stm32f4xx_hal_rcc_ex.o(.text) refers to stm32f4xx_hal.o(.text) for HAL_GetTick
    stm32f4xx_hal_rcc_ex.o(.text) refers to system_stm32f4xx.o(.data) for SystemCoreClock
    entry.o(.ARM.Collect$$$$00000000) refers (Special) to entry10a.o(.ARM.Collect$$$$0000000D) for __rt_final_cpp
    entry.o(.ARM.Collect$$$$00000000) refers (Special) to entry11a.o(.ARM.Collect$$$$0000000F) for __rt_final_exit
    entry.o(.ARM.Collect$$$$00000000) refers (Special) to entry7b.o(.ARM.Collect$$$$00000008) for _main_clock
    entry.o(.ARM.Collect$$$$00000000) refers (Special) to entry8b.o(.ARM.Collect$$$$0000000A) for _main_cpp_init
    entry.o(.ARM.Collect$$$$00000000) refers (Special) to entry9a.o(.ARM.Collect$$$$0000000B) for _main_init
    entry.o(.ARM.Collect$$$$00000000) refers (Special) to entry5.o(.ARM.Collect$$$$00000004) for _main_scatterload
    entry.o(.ARM.Collect$$$$00000000) refers (Special) to entry2.o(.ARM.Collect$$$$00000001) for _main_stk
    entry2.o(.ARM.Collect$$$$00000001) refers to entry2.o(.ARM.Collect$$$$00002712) for __lit__00000000
    entry2.o(.ARM.Collect$$$$00002712) refers to startup_stm32f407xx.o(STACK) for __initial_sp
    entry2.o(__vectab_stack_and_reset_area) refers to startup_stm32f407xx.o(STACK) for __initial_sp
    entry2.o(__vectab_stack_and_reset_area) refers to entry.o(.ARM.Collect$$$$00000000) for __main
    entry5.o(.ARM.Collect$$$$00000004) refers to init.o(.text) for __scatterload
    entry9a.o(.ARM.Collect$$$$0000000B) refers to main.o(.text) for main
    entry9b.o(.ARM.Collect$$$$0000000C) refers to main.o(.text) for main
    init.o(.text) refers to entry5.o(.ARM.Collect$$$$00000004) for __main_after_scatterload


==============================================================================

Removing Unused input sections from the image.

    Removing stm32f4xx_it.o(.rev16_text), (4 bytes).
    Removing stm32f4xx_it.o(.revsh_text), (4 bytes).
    Removing stm32f4xx_it.o(.rrx_text), (6 bytes).
    Removing stm32f4xx_hal_msp.o(.rev16_text), (4 bytes).
    Removing stm32f4xx_hal_msp.o(.revsh_text), (4 bytes).
    Removing stm32f4xx_hal_msp.o(.rrx_text), (6 bytes).
    Removing main.o(.rev16_text), (4 bytes).
    Removing main.o(.revsh_text), (4 bytes).
    Removing main.o(.rrx_text), (6 bytes).
    Removing system_stm32f4xx.o(.rev16_text), (4 bytes).
    Removing system_stm32f4xx.o(.revsh_text), (4 bytes).
    Removing system_stm32f4xx.o(.rrx_text), (6 bytes).
    Removing startup_stm32f407xx.o(HEAP), (512 bytes).
    Removing stm32f4xx_hal_flash.o(.rev16_text), (4 bytes).
    Removing stm32f4xx_hal_flash.o(.revsh_text), (4 bytes).
    Removing stm32f4xx_hal_flash.o(.rrx_text), (6 bytes).
    Removing stm32f4xx_hal_flash.o(.text), (896 bytes).
    Removing stm32f4xx_hal_flash.o(.bss), (32 bytes).
    Removing stm32f4xx_hal_adc_ex.o(.rev16_text), (4 bytes).
    Removing stm32f4xx_hal_adc_ex.o(.revsh_text), (4 bytes).
    Removing stm32f4xx_hal_adc_ex.o(.rrx_text), (6 bytes).
    Removing stm32f4xx_hal_dma_ex.o(.rev16_text), (4 bytes).
    Removing stm32f4xx_hal_dma_ex.o(.revsh_text), (4 bytes).
    Removing stm32f4xx_hal_dma_ex.o(.rrx_text), (6 bytes).
    Removing stm32f4xx_hal_dma_ex.o(.text), (2596 bytes).
    Removing stm32f4xx_hal_dma.o(.rev16_text), (4 bytes).
    Removing stm32f4xx_hal_dma.o(.revsh_text), (4 bytes).
    Removing stm32f4xx_hal_dma.o(.rrx_text), (6 bytes).
    Removing stm32f4xx_hal_flash_ramfunc.o(.rev16_text), (4 bytes).
    Removing stm32f4xx_hal_flash_ramfunc.o(.revsh_text), (4 bytes).
    Removing stm32f4xx_hal_flash_ramfunc.o(.rrx_text), (6 bytes).
    Removing stm32f4xx_hal_adc.o(.rev16_text), (4 bytes).
    Removing stm32f4xx_hal_adc.o(.revsh_text), (4 bytes).
    Removing stm32f4xx_hal_adc.o(.rrx_text), (6 bytes).
    Removing stm32f4xx_hal_tim.o(.rev16_text), (4 bytes).
    Removing stm32f4xx_hal_tim.o(.revsh_text), (4 bytes).
    Removing stm32f4xx_hal_tim.o(.rrx_text), (6 bytes).
    Removing stm32f4xx_hal_flash_ex.o(.rev16_text), (4 bytes).
    Removing stm32f4xx_hal_flash_ex.o(.revsh_text), (4 bytes).
    Removing stm32f4xx_hal_flash_ex.o(.rrx_text), (6 bytes).
    Removing stm32f4xx_hal_flash_ex.o(.text), (708 bytes).
    Removing stm32f4xx_hal_uart.o(.rev16_text), (4 bytes).
    Removing stm32f4xx_hal_uart.o(.revsh_text), (4 bytes).
    Removing stm32f4xx_hal_uart.o(.rrx_text), (6 bytes).
    Removing stm32f4xx_hal_tim_ex.o(.rev16_text), (4 bytes).
    Removing stm32f4xx_hal_tim_ex.o(.revsh_text), (4 bytes).
    Removing stm32f4xx_hal_tim_ex.o(.rrx_text), (6 bytes).
    Removing stm32f4xx_hal_rcc.o(.rev16_text), (4 bytes).
    Removing stm32f4xx_hal_rcc.o(.revsh_text), (4 bytes).
    Removing stm32f4xx_hal_rcc.o(.rrx_text), (6 bytes).
    Removing stm32f4xx_hal_cortex.o(.rev16_text), (4 bytes).
    Removing stm32f4xx_hal_cortex.o(.revsh_text), (4 bytes).
    Removing stm32f4xx_hal_cortex.o(.rrx_text), (6 bytes).
    Removing stm32f4xx_hal_gpio.o(.rev16_text), (4 bytes).
    Removing stm32f4xx_hal_gpio.o(.revsh_text), (4 bytes).
    Removing stm32f4xx_hal_gpio.o(.rrx_text), (6 bytes).
    Removing stm32f4xx_hal.o(.rev16_text), (4 bytes).
    Removing stm32f4xx_hal.o(.revsh_text), (4 bytes).
    Removing stm32f4xx_hal.o(.rrx_text), (6 bytes).
    Removing stm32f4xx_hal_pwr.o(.rev16_text), (4 bytes).
    Removing stm32f4xx_hal_pwr.o(.revsh_text), (4 bytes).
    Removing stm32f4xx_hal_pwr.o(.rrx_text), (6 bytes).
    Removing stm32f4xx_hal_pwr.o(.text), (428 bytes).
    Removing stm32f4xx_hal_pwr_ex.o(.rev16_text), (4 bytes).
    Removing stm32f4xx_hal_pwr_ex.o(.revsh_text), (4 bytes).
    Removing stm32f4xx_hal_pwr_ex.o(.rrx_text), (6 bytes).
    Removing stm32f4xx_hal_pwr_ex.o(.text), (280 bytes).
    Removing stm32f4xx_hal_rcc_ex.o(.rev16_text), (4 bytes).
    Removing stm32f4xx_hal_rcc_ex.o(.revsh_text), (4 bytes).
    Removing stm32f4xx_hal_rcc_ex.o(.rrx_text), (6 bytes).
    Removing stm32f4xx_hal_rcc_ex.o(.text), (508 bytes).

71 unused section(s) (total 6254 bytes) removed from the image.

==============================================================================

Image Symbol Table

    Local Symbols

    Symbol Name                              Value     Ov Type        Size  Object(Section)

    ../Drivers/CMSIS//Device/ST/STM32F4xx/Source/Templates/system_stm32f4xx.c 0x00000000   Number         0  system_stm32f4xx.o ABSOLUTE
    ../Drivers/STM32F4xx_HAL_Driver/Src/stm32f4xx_hal.c 0x00000000   Number         0  stm32f4xx_hal.o ABSOLUTE
    ../Drivers/STM32F4xx_HAL_Driver/Src/stm32f4xx_hal_adc.c 0x00000000   Number         0  stm32f4xx_hal_adc.o ABSOLUTE
    ../Drivers/STM32F4xx_HAL_Driver/Src/stm32f4xx_hal_adc_ex.c 0x00000000   Number         0  stm32f4xx_hal_adc_ex.o ABSOLUTE
    ../Drivers/STM32F4xx_HAL_Driver/Src/stm32f4xx_hal_cortex.c 0x00000000   Number         0  stm32f4xx_hal_cortex.o ABSOLUTE
    ../Drivers/STM32F4xx_HAL_Driver/Src/stm32f4xx_hal_dma.c 0x00000000   Number         0  stm32f4xx_hal_dma.o ABSOLUTE
    ../Drivers/STM32F4xx_HAL_Driver/Src/stm32f4xx_hal_dma_ex.c 0x00000000   Number         0  stm32f4xx_hal_dma_ex.o ABSOLUTE
    ../Drivers/STM32F4xx_HAL_Driver/Src/stm32f4xx_hal_flash.c 0x00000000   Number         0  stm32f4xx_hal_flash.o ABSOLUTE
    ../Drivers/STM32F4xx_HAL_Driver/Src/stm32f4xx_hal_flash_ex.c 0x00000000   Number         0  stm32f4xx_hal_flash_ex.o ABSOLUTE
    ../Drivers/STM32F4xx_HAL_Driver/Src/stm32f4xx_hal_flash_ramfunc.c 0x00000000   Number         0  stm32f4xx_hal_flash_ramfunc.o ABSOLUTE
    ../Drivers/STM32F4xx_HAL_Driver/Src/stm32f4xx_hal_gpio.c 0x00000000   Number         0  stm32f4xx_hal_gpio.o ABSOLUTE
    ../Drivers/STM32F4xx_HAL_Driver/Src/stm32f4xx_hal_pwr.c 0x00000000   Number         0  stm32f4xx_hal_pwr.o ABSOLUTE
    ../Drivers/STM32F4xx_HAL_Driver/Src/stm32f4xx_hal_pwr_ex.c 0x00000000   Number         0  stm32f4xx_hal_pwr_ex.o ABSOLUTE
    ../Drivers/STM32F4xx_HAL_Driver/Src/stm32f4xx_hal_rcc.c 0x00000000   Number         0  stm32f4xx_hal_rcc.o ABSOLUTE
    ../Drivers/STM32F4xx_HAL_Driver/Src/stm32f4xx_hal_rcc_ex.c 0x00000000   Number         0  stm32f4xx_hal_rcc_ex.o ABSOLUTE
    ../Drivers/STM32F4xx_HAL_Driver/Src/stm32f4xx_hal_tim.c 0x00000000   Number         0  stm32f4xx_hal_tim.o ABSOLUTE
    ../Drivers/STM32F4xx_HAL_Driver/Src/stm32f4xx_hal_tim_ex.c 0x00000000   Number         0  stm32f4xx_hal_tim_ex.o ABSOLUTE
    ../Drivers/STM32F4xx_HAL_Driver/Src/stm32f4xx_hal_uart.c 0x00000000   Number         0  stm32f4xx_hal_uart.o ABSOLUTE
    ../Src/main.c                            0x00000000   Number         0  main.o ABSOLUTE
    ../Src/stm32f4xx_hal_msp.c               0x00000000   Number         0  stm32f4xx_hal_msp.o ABSOLUTE
    ../Src/stm32f4xx_it.c                    0x00000000   Number         0  stm32f4xx_it.o ABSOLUTE
    ../clib/microlib/init/entry.s            0x00000000   Number         0  entry2.o ABSOLUTE
    ../clib/microlib/init/entry.s            0x00000000   Number         0  entry8a.o ABSOLUTE
    ../clib/microlib/init/entry.s            0x00000000   Number         0  entry11b.o ABSOLUTE
    ../clib/microlib/init/entry.s            0x00000000   Number         0  entry.o ABSOLUTE
    ../clib/microlib/init/entry.s            0x00000000   Number         0  entry11a.o ABSOLUTE
    ../clib/microlib/init/entry.s            0x00000000   Number         0  entry10b.o ABSOLUTE
    ../clib/microlib/init/entry.s            0x00000000   Number         0  entry10a.o ABSOLUTE
    ../clib/microlib/init/entry.s            0x00000000   Number         0  entry9b.o ABSOLUTE
    ../clib/microlib/init/entry.s            0x00000000   Number         0  entry9a.o ABSOLUTE
    ../clib/microlib/init/entry.s            0x00000000   Number         0  entry8b.o ABSOLUTE
    ../clib/microlib/init/entry.s            0x00000000   Number         0  entry7b.o ABSOLUTE
    ../clib/microlib/init/entry.s            0x00000000   Number         0  entry7a.o ABSOLUTE
    ../clib/microlib/init/entry.s            0x00000000   Number         0  entry5.o ABSOLUTE
    ..\Drivers\CMSIS\\Device\ST\STM32F4xx\Source\Templates\system_stm32f4xx.c 0x00000000   Number         0  system_stm32f4xx.o ABSOLUTE
    ..\Drivers\STM32F4xx_HAL_Driver\Src\stm32f4xx_hal.c 0x00000000   Number         0  stm32f4xx_hal.o ABSOLUTE
    ..\Drivers\STM32F4xx_HAL_Driver\Src\stm32f4xx_hal_adc.c 0x00000000   Number         0  stm32f4xx_hal_adc.o ABSOLUTE
    ..\Drivers\STM32F4xx_HAL_Driver\Src\stm32f4xx_hal_adc_ex.c 0x00000000   Number         0  stm32f4xx_hal_adc_ex.o ABSOLUTE
    ..\Drivers\STM32F4xx_HAL_Driver\Src\stm32f4xx_hal_cortex.c 0x00000000   Number         0  stm32f4xx_hal_cortex.o ABSOLUTE
    ..\Drivers\STM32F4xx_HAL_Driver\Src\stm32f4xx_hal_dma.c 0x00000000   Number         0  stm32f4xx_hal_dma.o ABSOLUTE
    ..\Drivers\STM32F4xx_HAL_Driver\Src\stm32f4xx_hal_dma_ex.c 0x00000000   Number         0  stm32f4xx_hal_dma_ex.o ABSOLUTE
    ..\Drivers\STM32F4xx_HAL_Driver\Src\stm32f4xx_hal_flash.c 0x00000000   Number         0  stm32f4xx_hal_flash.o ABSOLUTE
    ..\Drivers\STM32F4xx_HAL_Driver\Src\stm32f4xx_hal_flash_ex.c 0x00000000   Number         0  stm32f4xx_hal_flash_ex.o ABSOLUTE
    ..\Drivers\STM32F4xx_HAL_Driver\Src\stm32f4xx_hal_flash_ramfunc.c 0x00000000   Number         0  stm32f4xx_hal_flash_ramfunc.o ABSOLUTE
    ..\Drivers\STM32F4xx_HAL_Driver\Src\stm32f4xx_hal_gpio.c 0x00000000   Number         0  stm32f4xx_hal_gpio.o ABSOLUTE
    ..\Drivers\STM32F4xx_HAL_Driver\Src\stm32f4xx_hal_pwr.c 0x00000000   Number         0  stm32f4xx_hal_pwr.o ABSOLUTE
    ..\Drivers\STM32F4xx_HAL_Driver\Src\stm32f4xx_hal_pwr_ex.c 0x00000000   Number         0  stm32f4xx_hal_pwr_ex.o ABSOLUTE
    ..\Drivers\STM32F4xx_HAL_Driver\Src\stm32f4xx_hal_rcc.c 0x00000000   Number         0  stm32f4xx_hal_rcc.o ABSOLUTE
    ..\Drivers\STM32F4xx_HAL_Driver\Src\stm32f4xx_hal_rcc_ex.c 0x00000000   Number         0  stm32f4xx_hal_rcc_ex.o ABSOLUTE
    ..\Drivers\STM32F4xx_HAL_Driver\Src\stm32f4xx_hal_tim.c 0x00000000   Number         0  stm32f4xx_hal_tim.o ABSOLUTE
    ..\Drivers\STM32F4xx_HAL_Driver\Src\stm32f4xx_hal_tim_ex.c 0x00000000   Number         0  stm32f4xx_hal_tim_ex.o ABSOLUTE
    ..\Drivers\STM32F4xx_HAL_Driver\Src\stm32f4xx_hal_uart.c 0x00000000   Number         0  stm32f4xx_hal_uart.o ABSOLUTE
    ..\Src\main.c                            0x00000000   Number         0  main.o ABSOLUTE
    ..\Src\stm32f4xx_hal_msp.c               0x00000000   Number         0  stm32f4xx_hal_msp.o ABSOLUTE
    ..\Src\stm32f4xx_it.c                    0x00000000   Number         0  stm32f4xx_it.o ABSOLUTE
    dc.s                                     0x00000000   Number         0  dc.o ABSOLUTE
    handlers.s                               0x00000000   Number         0  handlers.o ABSOLUTE
    init.s                                   0x00000000   Number         0  init.o ABSOLUTE
    startup_stm32f407xx.s                    0x00000000   Number         0  startup_stm32f407xx.o ABSOLUTE
    RESET                                    0x08000000   Section      392  startup_stm32f407xx.o(RESET)
    .ARM.Collect$$$$00000000                 0x08000188   Section        0  entry.o(.ARM.Collect$$$$00000000)
    .ARM.Collect$$$$00000001                 0x08000188   Section        4  entry2.o(.ARM.Collect$$$$00000001)
    .ARM.Collect$$$$00000004                 0x0800018c   Section        4  entry5.o(.ARM.Collect$$$$00000004)
    .ARM.Collect$$$$00000008                 0x08000190   Section        0  entry7b.o(.ARM.Collect$$$$00000008)
    .ARM.Collect$$$$0000000A                 0x08000190   Section        0  entry8b.o(.ARM.Collect$$$$0000000A)
    .ARM.Collect$$$$0000000B                 0x08000190   Section        8  entry9a.o(.ARM.Collect$$$$0000000B)
    .ARM.Collect$$$$0000000D                 0x08000198   Section        0  entry10a.o(.ARM.Collect$$$$0000000D)
    .ARM.Collect$$$$0000000F                 0x08000198   Section        0  entry11a.o(.ARM.Collect$$$$0000000F)
    .ARM.Collect$$$$00002712                 0x08000198   Section        4  entry2.o(.ARM.Collect$$$$00002712)
    __lit__00000000                          0x08000198   Data           4  entry2.o(.ARM.Collect$$$$00002712)
    .text                                    0x0800019c   Section        0  stm32f4xx_it.o(.text)
    .text                                    0x080001bc   Section        0  stm32f4xx_hal_msp.o(.text)
    .text                                    0x0800030c   Section        0  main.o(.text)
    MX_TIM1_Init                             0x08000485   Thumb Code    76  main.o(.text)
    MX_ADC1_Init                             0x080004d1   Thumb Code    68  main.o(.text)
    MX_GPIO_Init                             0x08000515   Thumb Code   120  main.o(.text)
    .text                                    0x080005b8   Section        0  system_stm32f4xx.o(.text)
    .text                                    0x08000684   Section       36  startup_stm32f407xx.o(.text)
    $v0                                      0x08000684   Number         0  startup_stm32f407xx.o(.text)
    .text                                    0x080006a8   Section        0  stm32f4xx_hal_adc_ex.o(.text)
    ADC_MultiModeDMAError                    0x0800099f   Thumb Code    18  stm32f4xx_hal_adc_ex.o(.text)
    ADC_MultiModeDMAHalfConvCplt             0x080009b1   Thumb Code     6  stm32f4xx_hal_adc_ex.o(.text)
    ADC_MultiModeDMAConvCplt                 0x080009b7   Thumb Code    90  stm32f4xx_hal_adc_ex.o(.text)
    .text                                    0x08000d9c   Section        0  stm32f4xx_hal_dma.o(.text)
    DMA_CalcBaseAndBitshift                  0x08000d9d   Thumb Code    34  stm32f4xx_hal_dma.o(.text)
    DMA_SetConfig                            0x08000ee1   Thumb Code    40  stm32f4xx_hal_dma.o(.text)
    DMA_CheckFifoParam                       0x08001403   Thumb Code    84  stm32f4xx_hal_dma.o(.text)
    .text                                    0x08001460   Section        0  stm32f4xx_hal_adc.o(.text)
    ADC_Init                                 0x08001461   Thumb Code   300  stm32f4xx_hal_adc.o(.text)
    ADC_DMAError                             0x08001a5f   Thumb Code    22  stm32f4xx_hal_adc.o(.text)
    ADC_DMAHalfConvCplt                      0x08001a77   Thumb Code    10  stm32f4xx_hal_adc.o(.text)
    ADC_DMAConvCplt                          0x08001a81   Thumb Code    98  stm32f4xx_hal_adc.o(.text)
    .text                                    0x08001e08   Section        0  stm32f4xx_hal_tim.o(.text)
    TIM_DMAPeriodElapsedCplt                 0x08001fab   Thumb Code    16  stm32f4xx_hal_tim.o(.text)
    TIM_OC4_SetConfig                        0x080030e3   Thumb Code    70  stm32f4xx_hal_tim.o(.text)
    TIM_OC3_SetConfig                        0x08003129   Thumb Code    88  stm32f4xx_hal_tim.o(.text)
    TIM_OC1_SetConfig                        0x080031db   Thumb Code    80  stm32f4xx_hal_tim.o(.text)
    TIM_TI2_SetConfig                        0x08003281   Thumb Code    54  stm32f4xx_hal_tim.o(.text)
    TIM_DMATriggerCplt                       0x08003603   Thumb Code    16  stm32f4xx_hal_tim.o(.text)
    TIM_SlaveTimer_SetConfig                 0x08003a99   Thumb Code   124  stm32f4xx_hal_tim.o(.text)
    TIM_ETR_SetConfig                        0x08003c01   Thumb Code    20  stm32f4xx_hal_tim.o(.text)
    TIM_ITRx_SetConfig                       0x08003c15   Thumb Code    16  stm32f4xx_hal_tim.o(.text)
    TIM_TI1_ConfigInputStage                 0x08003c25   Thumb Code    34  stm32f4xx_hal_tim.o(.text)
    TIM_TI2_ConfigInputStage                 0x08003c47   Thumb Code    36  stm32f4xx_hal_tim.o(.text)
    .text                                    0x08003c6c   Section        0  stm32f4xx_hal_uart.o(.text)
    UART_SetConfig                           0x08003c6d   Thumb Code   676  stm32f4xx_hal_uart.o(.text)
    UART_WaitOnFlagUntilTimeout              0x08004121   Thumb Code    98  stm32f4xx_hal_uart.o(.text)
    UART_DMAError                            0x0800437b   Thumb Code    74  stm32f4xx_hal_uart.o(.text)
    UART_DMATxHalfCplt                       0x080043c7   Thumb Code    10  stm32f4xx_hal_uart.o(.text)
    UART_DMATransmitCplt                     0x080043d3   Thumb Code    46  stm32f4xx_hal_uart.o(.text)
    UART_DMARxHalfCplt                       0x08004475   Thumb Code    10  stm32f4xx_hal_uart.o(.text)
    UART_DMAReceiveCplt                      0x08004481   Thumb Code    60  stm32f4xx_hal_uart.o(.text)
    UART_DMAAbortOnError                     0x0800465d   Thumb Code    16  stm32f4xx_hal_uart.o(.text)
    UART_Receive_IT                          0x0800466d   Thumb Code   140  stm32f4xx_hal_uart.o(.text)
    UART_EndRxTransfer                       0x08004917   Thumb Code    28  stm32f4xx_hal_uart.o(.text)
    UART_EndTxTransfer                       0x08004933   Thumb Code    18  stm32f4xx_hal_uart.o(.text)
    UART_Transmit_IT                         0x08004945   Thumb Code    98  stm32f4xx_hal_uart.o(.text)
    .text                                    0x080049a8   Section        0  stm32f4xx_hal_tim_ex.o(.text)
    TIM_CCxNChannelCmd                       0x0800540b   Thumb Code    22  stm32f4xx_hal_tim_ex.o(.text)
    .text                                    0x08005420   Section        0  stm32f4xx_hal_rcc.o(.text)
    .text                                    0x08005b10   Section        0  stm32f4xx_hal_cortex.o(.text)
    NVIC_SetPriority                         0x08005d13   Thumb Code    32  stm32f4xx_hal_cortex.o(.text)
    .text                                    0x08005d3c   Section        0  stm32f4xx_hal_gpio.o(.text)
    .text                                    0x08006060   Section        0  stm32f4xx_hal.o(.text)
    .text                                    0x080061d4   Section       36  init.o(.text)
    i.__scatterload_copy                     0x080061f8   Section       14  handlers.o(i.__scatterload_copy)
    i.__scatterload_null                     0x08006206   Section        2  handlers.o(i.__scatterload_null)
    i.__scatterload_zeroinit                 0x08006208   Section       14  handlers.o(i.__scatterload_zeroinit)
    .constdata                               0x08006216   Section       16  system_stm32f4xx.o(.constdata)
    .constdata                               0x08006226   Section        8  stm32f4xx_hal_dma.o(.constdata)
    flagBitshiftOffset                       0x08006226   Data           8  stm32f4xx_hal_dma.o(.constdata)
    .constdata                               0x0800622e   Section       16  stm32f4xx_hal_rcc.o(.constdata)
    .data                                    0x20000000   Section       16  main.o(.data)
    .data                                    0x20000010   Section        4  system_stm32f4xx.o(.data)
    .data                                    0x20000014   Section        4  stm32f4xx_hal.o(.data)
    .bss                                     0x20000018   Section      236  main.o(.bss)
    STACK                                    0x20000108   Section     1024  startup_stm32f407xx.o(STACK)

    Global Symbols

    Symbol Name                              Value     Ov Type        Size  Object(Section)

    BuildAttributes$$THM_ISAv4$E$P$D$K$B$S$7EM$VFPi3$EXTD16$VFPS$VFMA$PE$A:L22UL41UL21$X:L11$S22US41US21$IEEE1$IW$USESV6$~STKCKD$USESV7$~SHL$OSPACE$EBA8$MICROLIB$REQ8$PRES8$EABIv2 0x00000000   Number         0  anon$$obj.o ABSOLUTE
    __ARM_use_no_argv                        0x00000000   Number         0  main.o ABSOLUTE
    __cpp_initialize__aeabi_                  - Undefined Weak Reference
    __cxa_finalize                            - Undefined Weak Reference
    __decompress                              - Undefined Weak Reference
    _clock_init                               - Undefined Weak Reference
    _microlib_exit                            - Undefined Weak Reference
    __Vectors_Size                           0x00000188   Number         0  startup_stm32f407xx.o ABSOLUTE
    __Vectors                                0x08000000   Data           4  startup_stm32f407xx.o(RESET)
    __Vectors_End                            0x08000188   Data           0  startup_stm32f407xx.o(RESET)
    __main                                   0x08000189   Thumb Code     0  entry.o(.ARM.Collect$$$$00000000)
    _main_stk                                0x08000189   Thumb Code     0  entry2.o(.ARM.Collect$$$$00000001)
    _main_scatterload                        0x0800018d   Thumb Code     0  entry5.o(.ARM.Collect$$$$00000004)
    __main_after_scatterload                 0x08000191   Thumb Code     0  entry5.o(.ARM.Collect$$$$00000004)
    _main_clock                              0x08000191   Thumb Code     0  entry7b.o(.ARM.Collect$$$$00000008)
    _main_cpp_init                           0x08000191   Thumb Code     0  entry8b.o(.ARM.Collect$$$$0000000A)
    _main_init                               0x08000191   Thumb Code     0  entry9a.o(.ARM.Collect$$$$0000000B)
    __rt_final_cpp                           0x08000199   Thumb Code     0  entry10a.o(.ARM.Collect$$$$0000000D)
    __rt_final_exit                          0x08000199   Thumb Code     0  entry11a.o(.ARM.Collect$$$$0000000F)
    NMI_Handler                              0x0800019d   Thumb Code     2  stm32f4xx_it.o(.text)
    HardFault_Handler                        0x0800019f   Thumb Code     2  stm32f4xx_it.o(.text)
    MemManage_Handler                        0x080001a1   Thumb Code     2  stm32f4xx_it.o(.text)
    BusFault_Handler                         0x080001a3   Thumb Code     2  stm32f4xx_it.o(.text)
    UsageFault_Handler                       0x080001a5   Thumb Code     2  stm32f4xx_it.o(.text)
    SVC_Handler                              0x080001a7   Thumb Code     2  stm32f4xx_it.o(.text)
    DebugMon_Handler                         0x080001a9   Thumb Code     2  stm32f4xx_it.o(.text)
    PendSV_Handler                           0x080001ab   Thumb Code     2  stm32f4xx_it.o(.text)
    SysTick_Handler                          0x080001ad   Thumb Code    14  stm32f4xx_it.o(.text)
    HAL_MspInit                              0x080001bd   Thumb Code    88  stm32f4xx_hal_msp.o(.text)
    HAL_ADC_MspInit                          0x08000215   Thumb Code    54  stm32f4xx_hal_msp.o(.text)
    HAL_ADC_MspDeInit                        0x0800024b   Thumb Code    28  stm32f4xx_hal_msp.o(.text)
    HAL_TIM_Base_MspInit                     0x08000267   Thumb Code    30  stm32f4xx_hal_msp.o(.text)
    HAL_TIM_Base_MspDeInit                   0x08000285   Thumb Code    20  stm32f4xx_hal_msp.o(.text)
    HAL_UART_MspInit                         0x08000299   Thumb Code    60  stm32f4xx_hal_msp.o(.text)
    HAL_UART_MspDeInit                       0x080002d5   Thumb Code    30  stm32f4xx_hal_msp.o(.text)
    Error_Handler                            0x0800030d   Thumb Code     2  main.o(.text)
    SystemClock_Config                       0x0800030f   Thumb Code   146  main.o(.text)
    main                                     0x080003a1   Thumb Code   228  main.o(.text)
    SystemInit                               0x080005b9   Thumb Code    66  system_stm32f4xx.o(.text)
    SystemCoreClockUpdate                    0x080005fb   Thumb Code   106  system_stm32f4xx.o(.text)
    Reset_Handler                            0x08000685   Thumb Code     8  startup_stm32f407xx.o(.text)
    ADC_IRQHandler                           0x0800069f   Thumb Code     0  startup_stm32f407xx.o(.text)
    CAN1_RX0_IRQHandler                      0x0800069f   Thumb Code     0  startup_stm32f407xx.o(.text)
    CAN1_RX1_IRQHandler                      0x0800069f   Thumb Code     0  startup_stm32f407xx.o(.text)
    CAN1_SCE_IRQHandler                      0x0800069f   Thumb Code     0  startup_stm32f407xx.o(.text)
    CAN1_TX_IRQHandler                       0x0800069f   Thumb Code     0  startup_stm32f407xx.o(.text)
    CAN2_RX0_IRQHandler                      0x0800069f   Thumb Code     0  startup_stm32f407xx.o(.text)
    CAN2_RX1_IRQHandler                      0x0800069f   Thumb Code     0  startup_stm32f407xx.o(.text)
    CAN2_SCE_IRQHandler                      0x0800069f   Thumb Code     0  startup_stm32f407xx.o(.text)
    CAN2_TX_IRQHandler                       0x0800069f   Thumb Code     0  startup_stm32f407xx.o(.text)
    DCMI_IRQHandler                          0x0800069f   Thumb Code     0  startup_stm32f407xx.o(.text)
    DMA1_Stream0_IRQHandler                  0x0800069f   Thumb Code     0  startup_stm32f407xx.o(.text)
    DMA1_Stream1_IRQHandler                  0x0800069f   Thumb Code     0  startup_stm32f407xx.o(.text)
    DMA1_Stream2_IRQHandler                  0x0800069f   Thumb Code     0  startup_stm32f407xx.o(.text)
    DMA1_Stream3_IRQHandler                  0x0800069f   Thumb Code     0  startup_stm32f407xx.o(.text)
    DMA1_Stream4_IRQHandler                  0x0800069f   Thumb Code     0  startup_stm32f407xx.o(.text)
    DMA1_Stream5_IRQHandler                  0x0800069f   Thumb Code     0  startup_stm32f407xx.o(.text)
    DMA1_Stream6_IRQHandler                  0x0800069f   Thumb Code     0  startup_stm32f407xx.o(.text)
    DMA1_Stream7_IRQHandler                  0x0800069f   Thumb Code     0  startup_stm32f407xx.o(.text)
    DMA2_Stream0_IRQHandler                  0x0800069f   Thumb Code     0  startup_stm32f407xx.o(.text)
    DMA2_Stream1_IRQHandler                  0x0800069f   Thumb Code     0  startup_stm32f407xx.o(.text)
    DMA2_Stream2_IRQHandler                  0x0800069f   Thumb Code     0  startup_stm32f407xx.o(.text)
    DMA2_Stream3_IRQHandler                  0x0800069f   Thumb Code     0  startup_stm32f407xx.o(.text)
    DMA2_Stream4_IRQHandler                  0x0800069f   Thumb Code     0  startup_stm32f407xx.o(.text)
    DMA2_Stream5_IRQHandler                  0x0800069f   Thumb Code     0  startup_stm32f407xx.o(.text)
    DMA2_Stream6_IRQHandler                  0x0800069f   Thumb Code     0  startup_stm32f407xx.o(.text)
    DMA2_Stream7_IRQHandler                  0x0800069f   Thumb Code     0  startup_stm32f407xx.o(.text)
    ETH_IRQHandler                           0x0800069f   Thumb Code     0  startup_stm32f407xx.o(.text)
    ETH_WKUP_IRQHandler                      0x0800069f   Thumb Code     0  startup_stm32f407xx.o(.text)
    EXTI0_IRQHandler                         0x0800069f   Thumb Code     0  startup_stm32f407xx.o(.text)
    EXTI15_10_IRQHandler                     0x0800069f   Thumb Code     0  startup_stm32f407xx.o(.text)
    EXTI1_IRQHandler                         0x0800069f   Thumb Code     0  startup_stm32f407xx.o(.text)
    EXTI2_IRQHandler                         0x0800069f   Thumb Code     0  startup_stm32f407xx.o(.text)
    EXTI3_IRQHandler                         0x0800069f   Thumb Code     0  startup_stm32f407xx.o(.text)
    EXTI4_IRQHandler                         0x0800069f   Thumb Code     0  startup_stm32f407xx.o(.text)
    EXTI9_5_IRQHandler                       0x0800069f   Thumb Code     0  startup_stm32f407xx.o(.text)
    FLASH_IRQHandler                         0x0800069f   Thumb Code     0  startup_stm32f407xx.o(.text)
    FMC_IRQHandler                           0x0800069f   Thumb Code     0  startup_stm32f407xx.o(.text)
    FPU_IRQHandler                           0x0800069f   Thumb Code     0  startup_stm32f407xx.o(.text)
    HASH_RNG_IRQHandler                      0x0800069f   Thumb Code     0  startup_stm32f407xx.o(.text)
    I2C1_ER_IRQHandler                       0x0800069f   Thumb Code     0  startup_stm32f407xx.o(.text)
    I2C1_EV_IRQHandler                       0x0800069f   Thumb Code     0  startup_stm32f407xx.o(.text)
    I2C2_ER_IRQHandler                       0x0800069f   Thumb Code     0  startup_stm32f407xx.o(.text)
    I2C2_EV_IRQHandler                       0x0800069f   Thumb Code     0  startup_stm32f407xx.o(.text)
    I2C3_ER_IRQHandler                       0x0800069f   Thumb Code     0  startup_stm32f407xx.o(.text)
    I2C3_EV_IRQHandler                       0x0800069f   Thumb Code     0  startup_stm32f407xx.o(.text)
    OTG_FS_IRQHandler                        0x0800069f   Thumb Code     0  startup_stm32f407xx.o(.text)
    OTG_FS_WKUP_IRQHandler                   0x0800069f   Thumb Code     0  startup_stm32f407xx.o(.text)
    OTG_HS_EP1_IN_IRQHandler                 0x0800069f   Thumb Code     0  startup_stm32f407xx.o(.text)
    OTG_HS_EP1_OUT_IRQHandler                0x0800069f   Thumb Code     0  startup_stm32f407xx.o(.text)
    OTG_HS_IRQHandler                        0x0800069f   Thumb Code     0  startup_stm32f407xx.o(.text)
    OTG_HS_WKUP_IRQHandler                   0x0800069f   Thumb Code     0  startup_stm32f407xx.o(.text)
    PVD_IRQHandler                           0x0800069f   Thumb Code     0  startup_stm32f407xx.o(.text)
    RCC_IRQHandler                           0x0800069f   Thumb Code     0  startup_stm32f407xx.o(.text)
    RTC_Alarm_IRQHandler                     0x0800069f   Thumb Code     0  startup_stm32f407xx.o(.text)
    RTC_WKUP_IRQHandler                      0x0800069f   Thumb Code     0  startup_stm32f407xx.o(.text)
    SDIO_IRQHandler                          0x0800069f   Thumb Code     0  startup_stm32f407xx.o(.text)
    SPI1_IRQHandler                          0x0800069f   Thumb Code     0  startup_stm32f407xx.o(.text)
    SPI2_IRQHandler                          0x0800069f   Thumb Code     0  startup_stm32f407xx.o(.text)
    SPI3_IRQHandler                          0x0800069f   Thumb Code     0  startup_stm32f407xx.o(.text)
    TAMP_STAMP_IRQHandler                    0x0800069f   Thumb Code     0  startup_stm32f407xx.o(.text)
    TIM1_BRK_TIM9_IRQHandler                 0x0800069f   Thumb Code     0  startup_stm32f407xx.o(.text)
    TIM1_CC_IRQHandler                       0x0800069f   Thumb Code     0  startup_stm32f407xx.o(.text)
    TIM1_TRG_COM_TIM11_IRQHandler            0x0800069f   Thumb Code     0  startup_stm32f407xx.o(.text)
    TIM1_UP_TIM10_IRQHandler                 0x0800069f   Thumb Code     0  startup_stm32f407xx.o(.text)
    TIM2_IRQHandler                          0x0800069f   Thumb Code     0  startup_stm32f407xx.o(.text)
    TIM3_IRQHandler                          0x0800069f   Thumb Code     0  startup_stm32f407xx.o(.text)
    TIM4_IRQHandler                          0x0800069f   Thumb Code     0  startup_stm32f407xx.o(.text)
    TIM5_IRQHandler                          0x0800069f   Thumb Code     0  startup_stm32f407xx.o(.text)
    TIM6_DAC_IRQHandler                      0x0800069f   Thumb Code     0  startup_stm32f407xx.o(.text)
    TIM7_IRQHandler                          0x0800069f   Thumb Code     0  startup_stm32f407xx.o(.text)
    TIM8_BRK_TIM12_IRQHandler                0x0800069f   Thumb Code     0  startup_stm32f407xx.o(.text)
    TIM8_CC_IRQHandler                       0x0800069f   Thumb Code     0  startup_stm32f407xx.o(.text)
    TIM8_TRG_COM_TIM14_IRQHandler            0x0800069f   Thumb Code     0  startup_stm32f407xx.o(.text)
    TIM8_UP_TIM13_IRQHandler                 0x0800069f   Thumb Code     0  startup_stm32f407xx.o(.text)
    UART4_IRQHandler                         0x0800069f   Thumb Code     0  startup_stm32f407xx.o(.text)
    UART5_IRQHandler                         0x0800069f   Thumb Code     0  startup_stm32f407xx.o(.text)
    USART1_IRQHandler                        0x0800069f   Thumb Code     0  startup_stm32f407xx.o(.text)
    USART2_IRQHandler                        0x0800069f   Thumb Code     0  startup_stm32f407xx.o(.text)
    USART3_IRQHandler                        0x0800069f   Thumb Code     0  startup_stm32f407xx.o(.text)
    USART6_IRQHandler                        0x0800069f   Thumb Code     0  startup_stm32f407xx.o(.text)
    WWDG_IRQHandler                          0x0800069f   Thumb Code     0  startup_stm32f407xx.o(.text)
    HAL_ADCEx_InjectedStart                  0x080006a9   Thumb Code   192  stm32f4xx_hal_adc_ex.o(.text)
    HAL_ADCEx_InjectedStart_IT               0x08000769   Thumb Code   192  stm32f4xx_hal_adc_ex.o(.text)
    HAL_ADCEx_InjectedStop                   0x08000829   Thumb Code    86  stm32f4xx_hal_adc_ex.o(.text)
    HAL_ADCEx_InjectedPollForConversion      0x0800087f   Thumb Code   136  stm32f4xx_hal_adc_ex.o(.text)
    HAL_ADCEx_InjectedStop_IT                0x08000907   Thumb Code    94  stm32f4xx_hal_adc_ex.o(.text)
    HAL_ADCEx_InjectedGetValue               0x08000965   Thumb Code    58  stm32f4xx_hal_adc_ex.o(.text)
    HAL_ADCEx_MultiModeStart_DMA             0x08000a11   Thumb Code   252  stm32f4xx_hal_adc_ex.o(.text)
    HAL_ADCEx_MultiModeStop_DMA              0x08000b0d   Thumb Code    94  stm32f4xx_hal_adc_ex.o(.text)
    HAL_ADCEx_MultiModeGetValue              0x08000b6b   Thumb Code     8  stm32f4xx_hal_adc_ex.o(.text)
    HAL_ADCEx_InjectedConvCpltCallback       0x08000b73   Thumb Code     2  stm32f4xx_hal_adc_ex.o(.text)
    HAL_ADCEx_InjectedConfigChannel          0x08000b75   Thumb Code   434  stm32f4xx_hal_adc_ex.o(.text)
    HAL_ADCEx_MultiModeConfigChannel         0x08000d27   Thumb Code   102  stm32f4xx_hal_adc_ex.o(.text)
    HAL_DMA_Init                             0x08000dbf   Thumb Code   204  stm32f4xx_hal_dma.o(.text)
    HAL_DMA_DeInit                           0x08000e8b   Thumb Code    86  stm32f4xx_hal_dma.o(.text)
    HAL_DMA_Start                            0x08000f09   Thumb Code    70  stm32f4xx_hal_dma.o(.text)
    HAL_DMA_Start_IT                         0x08000f4f   Thumb Code   118  stm32f4xx_hal_dma.o(.text)
    HAL_DMA_Abort                            0x08000fc5   Thumb Code   142  stm32f4xx_hal_dma.o(.text)
    HAL_DMA_Abort_IT                         0x08001053   Thumb Code    36  stm32f4xx_hal_dma.o(.text)
    HAL_DMA_PollForTransfer                  0x08001077   Thumb Code   308  stm32f4xx_hal_dma.o(.text)
    HAL_DMA_IRQHandler                       0x080011ab   Thumb Code   414  stm32f4xx_hal_dma.o(.text)
    HAL_DMA_RegisterCallback                 0x08001349   Thumb Code    80  stm32f4xx_hal_dma.o(.text)
    HAL_DMA_UnRegisterCallback               0x08001399   Thumb Code    96  stm32f4xx_hal_dma.o(.text)
    HAL_DMA_GetState                         0x080013f9   Thumb Code     6  stm32f4xx_hal_dma.o(.text)
    HAL_DMA_GetError                         0x080013ff   Thumb Code     4  stm32f4xx_hal_dma.o(.text)
    HAL_ADC_Init                             0x0800158f   Thumb Code    84  stm32f4xx_hal_adc.o(.text)
    HAL_ADC_DeInit                           0x080015e5   Thumb Code    60  stm32f4xx_hal_adc.o(.text)
    HAL_ADC_Start                            0x08001621   Thumb Code   170  stm32f4xx_hal_adc.o(.text)
    HAL_ADC_Stop                             0x080016cb   Thumb Code    60  stm32f4xx_hal_adc.o(.text)
    HAL_ADC_PollForConversion                0x08001707   Thumb Code   162  stm32f4xx_hal_adc.o(.text)
    HAL_ADC_PollForEvent                     0x080017a9   Thumb Code   106  stm32f4xx_hal_adc.o(.text)
    HAL_ADC_Start_IT                         0x08001813   Thumb Code   196  stm32f4xx_hal_adc.o(.text)
    HAL_ADC_Stop_IT                          0x080018d7   Thumb Code    70  stm32f4xx_hal_adc.o(.text)
    HAL_ADC_ErrorCallback                    0x0800191d   Thumb Code     2  stm32f4xx_hal_adc.o(.text)
    HAL_ADC_LevelOutOfWindowCallback         0x0800191f   Thumb Code     2  stm32f4xx_hal_adc.o(.text)
    HAL_ADC_ConvCpltCallback                 0x08001921   Thumb Code     2  stm32f4xx_hal_adc.o(.text)
    HAL_ADC_IRQHandler                       0x08001923   Thumb Code   316  stm32f4xx_hal_adc.o(.text)
    HAL_ADC_ConvHalfCpltCallback             0x08001a75   Thumb Code     2  stm32f4xx_hal_adc.o(.text)
    HAL_ADC_Start_DMA                        0x08001ae3   Thumb Code   228  stm32f4xx_hal_adc.o(.text)
    HAL_ADC_Stop_DMA                         0x08001bc7   Thumb Code    88  stm32f4xx_hal_adc.o(.text)
    HAL_ADC_GetValue                         0x08001c1f   Thumb Code     6  stm32f4xx_hal_adc.o(.text)
    HAL_ADC_ConfigChannel                    0x08001c25   Thumb Code   352  stm32f4xx_hal_adc.o(.text)
    HAL_ADC_AnalogWDGConfig                  0x08001d85   Thumb Code   106  stm32f4xx_hal_adc.o(.text)
    HAL_ADC_GetState                         0x08001def   Thumb Code     4  stm32f4xx_hal_adc.o(.text)
    HAL_ADC_GetError                         0x08001df3   Thumb Code     4  stm32f4xx_hal_adc.o(.text)
    TIM_Base_SetConfig                       0x08001e09   Thumb Code   148  stm32f4xx_hal_tim.o(.text)
    HAL_TIM_Base_Init                        0x08001e9f   Thumb Code    54  stm32f4xx_hal_tim.o(.text)
    HAL_TIM_Base_DeInit                      0x08001ed7   Thumb Code    56  stm32f4xx_hal_tim.o(.text)
    HAL_TIM_Base_Start                       0x08001f0f   Thumb Code    26  stm32f4xx_hal_tim.o(.text)
    HAL_TIM_Base_Stop                        0x08001f29   Thumb Code    44  stm32f4xx_hal_tim.o(.text)
    HAL_TIM_Base_Start_IT                    0x08001f55   Thumb Code    24  stm32f4xx_hal_tim.o(.text)
    HAL_TIM_Base_Stop_IT                     0x08001f6d   Thumb Code    42  stm32f4xx_hal_tim.o(.text)
    HAL_TIM_ErrorCallback                    0x08001f97   Thumb Code     2  stm32f4xx_hal_tim.o(.text)
    TIM_DMAError                             0x08001f99   Thumb Code    16  stm32f4xx_hal_tim.o(.text)
    HAL_TIM_PeriodElapsedCallback            0x08001fa9   Thumb Code     2  stm32f4xx_hal_tim.o(.text)
    HAL_TIM_Base_Start_DMA                   0x08001fbb   Thumb Code    84  stm32f4xx_hal_tim.o(.text)
    HAL_TIM_Base_Stop_DMA                    0x0800200f   Thumb Code    48  stm32f4xx_hal_tim.o(.text)
    HAL_TIM_OC_MspInit                       0x0800203f   Thumb Code     2  stm32f4xx_hal_tim.o(.text)
    HAL_TIM_OC_Init                          0x08002041   Thumb Code    54  stm32f4xx_hal_tim.o(.text)
    HAL_TIM_OC_MspDeInit                     0x08002077   Thumb Code     2  stm32f4xx_hal_tim.o(.text)
    HAL_TIM_OC_DeInit                        0x08002079   Thumb Code    56  stm32f4xx_hal_tim.o(.text)
    TIM_CCxChannelCmd                        0x080020b1   Thumb Code    22  stm32f4xx_hal_tim.o(.text)
    HAL_TIM_OC_Start                         0x080020c7   Thumb Code    48  stm32f4xx_hal_tim.o(.text)
    HAL_TIM_OC_Stop                          0x080020f7   Thumb Code    78  stm32f4xx_hal_tim.o(.text)
    HAL_TIM_OC_Start_IT                      0x08002145   Thumb Code    98  stm32f4xx_hal_tim.o(.text)
    HAL_TIM_OC_Stop_IT                       0x080021a7   Thumb Code   178  stm32f4xx_hal_tim.o(.text)
    HAL_TIM_PWM_PulseFinishedCallback        0x08002259   Thumb Code     2  stm32f4xx_hal_tim.o(.text)
    TIM_DMADelayPulseCplt                    0x0800225b   Thumb Code    62  stm32f4xx_hal_tim.o(.text)
    HAL_TIM_OC_Start_DMA                     0x08002299   Thumb Code   226  stm32f4xx_hal_tim.o(.text)
    HAL_TIM_OC_Stop_DMA                      0x0800237b   Thumb Code   134  stm32f4xx_hal_tim.o(.text)
    HAL_TIM_PWM_MspInit                      0x08002401   Thumb Code     2  stm32f4xx_hal_tim.o(.text)
    HAL_TIM_PWM_Init                         0x08002403   Thumb Code    54  stm32f4xx_hal_tim.o(.text)
    HAL_TIM_PWM_MspDeInit                    0x08002439   Thumb Code     2  stm32f4xx_hal_tim.o(.text)
    HAL_TIM_PWM_DeInit                       0x0800243b   Thumb Code    56  stm32f4xx_hal_tim.o(.text)
    HAL_TIM_PWM_Start                        0x08002473   Thumb Code    48  stm32f4xx_hal_tim.o(.text)
    HAL_TIM_PWM_Stop                         0x080024a3   Thumb Code    84  stm32f4xx_hal_tim.o(.text)
    HAL_TIM_PWM_Start_IT                     0x080024f7   Thumb Code    98  stm32f4xx_hal_tim.o(.text)
    HAL_TIM_PWM_Stop_IT                      0x08002559   Thumb Code   128  stm32f4xx_hal_tim.o(.text)
    HAL_TIM_PWM_Start_DMA                    0x080025d9   Thumb Code   226  stm32f4xx_hal_tim.o(.text)
    HAL_TIM_PWM_Stop_DMA                     0x080026bb   Thumb Code   144  stm32f4xx_hal_tim.o(.text)
    HAL_TIM_IC_MspInit                       0x0800274b   Thumb Code     2  stm32f4xx_hal_tim.o(.text)
    HAL_TIM_IC_Init                          0x0800274d   Thumb Code    54  stm32f4xx_hal_tim.o(.text)
    HAL_TIM_IC_MspDeInit                     0x08002783   Thumb Code     2  stm32f4xx_hal_tim.o(.text)
    HAL_TIM_IC_DeInit                        0x08002785   Thumb Code    56  stm32f4xx_hal_tim.o(.text)
    HAL_TIM_IC_Start                         0x080027bd   Thumb Code    26  stm32f4xx_hal_tim.o(.text)
    HAL_TIM_IC_Stop                          0x080027d7   Thumb Code    44  stm32f4xx_hal_tim.o(.text)
    HAL_TIM_IC_Start_IT                      0x08002803   Thumb Code    76  stm32f4xx_hal_tim.o(.text)
    HAL_TIM_IC_Stop_IT                       0x0800284f   Thumb Code    94  stm32f4xx_hal_tim.o(.text)
    HAL_TIM_IC_CaptureCallback               0x080028ad   Thumb Code     2  stm32f4xx_hal_tim.o(.text)
    TIM_DMACaptureCplt                       0x080028af   Thumb Code    62  stm32f4xx_hal_tim.o(.text)
    HAL_TIM_IC_Start_DMA                     0x080028ed   Thumb Code   194  stm32f4xx_hal_tim.o(.text)
    HAL_TIM_IC_Stop_DMA                      0x080029af   Thumb Code   100  stm32f4xx_hal_tim.o(.text)
    HAL_TIM_OnePulse_MspInit                 0x08002a13   Thumb Code     2  stm32f4xx_hal_tim.o(.text)
    HAL_TIM_OnePulse_Init                    0x08002a15   Thumb Code    74  stm32f4xx_hal_tim.o(.text)
    HAL_TIM_OnePulse_MspDeInit               0x08002a5f   Thumb Code     2  stm32f4xx_hal_tim.o(.text)
    HAL_TIM_OnePulse_DeInit                  0x08002a61   Thumb Code    56  stm32f4xx_hal_tim.o(.text)
    HAL_TIM_OnePulse_Start                   0x08002a99   Thumb Code    50  stm32f4xx_hal_tim.o(.text)
    HAL_TIM_OnePulse_Stop                    0x08002acb   Thumb Code    90  stm32f4xx_hal_tim.o(.text)
    HAL_TIM_OnePulse_Start_IT                0x08002b25   Thumb Code    70  stm32f4xx_hal_tim.o(.text)
    HAL_TIM_OnePulse_Stop_IT                 0x08002b6b   Thumb Code   110  stm32f4xx_hal_tim.o(.text)
    HAL_TIM_Encoder_MspInit                  0x08002bd9   Thumb Code     2  stm32f4xx_hal_tim.o(.text)
    HAL_TIM_Encoder_Init                     0x08002bdb   Thumb Code   150  stm32f4xx_hal_tim.o(.text)
    HAL_TIM_Encoder_MspDeInit                0x08002c71   Thumb Code     2  stm32f4xx_hal_tim.o(.text)
    HAL_TIM_Encoder_DeInit                   0x08002c73   Thumb Code    56  stm32f4xx_hal_tim.o(.text)
    HAL_TIM_Encoder_Start                    0x08002cab   Thumb Code    50  stm32f4xx_hal_tim.o(.text)
    HAL_TIM_Encoder_Stop                     0x08002cdd   Thumb Code    70  stm32f4xx_hal_tim.o(.text)
    HAL_TIM_Encoder_Start_IT                 0x08002d23   Thumb Code    92  stm32f4xx_hal_tim.o(.text)
    HAL_TIM_Encoder_Stop_IT                  0x08002d7f   Thumb Code   116  stm32f4xx_hal_tim.o(.text)
    HAL_TIM_Encoder_Start_DMA                0x08002df3   Thumb Code   274  stm32f4xx_hal_tim.o(.text)
    HAL_TIM_Encoder_Stop_DMA                 0x08002f05   Thumb Code   116  stm32f4xx_hal_tim.o(.text)
    HAL_TIM_TriggerCallback                  0x08002f79   Thumb Code     2  stm32f4xx_hal_tim.o(.text)
    HAL_TIM_OC_DelayElapsedCallback          0x08002f7b   Thumb Code     2  stm32f4xx_hal_tim.o(.text)
    HAL_TIM_IRQHandler                       0x08002f7d   Thumb Code   358  stm32f4xx_hal_tim.o(.text)
    TIM_OC2_SetConfig                        0x08003181   Thumb Code    90  stm32f4xx_hal_tim.o(.text)
    HAL_TIM_OC_ConfigChannel                 0x0800322b   Thumb Code    86  stm32f4xx_hal_tim.o(.text)
    TIM_TI1_SetConfig                        0x080032b7   Thumb Code   104  stm32f4xx_hal_tim.o(.text)
    HAL_TIM_IC_ConfigChannel                 0x0800331f   Thumb Code   282  stm32f4xx_hal_tim.o(.text)
    HAL_TIM_PWM_ConfigChannel                0x08003439   Thumb Code   240  stm32f4xx_hal_tim.o(.text)
    HAL_TIM_OnePulse_ConfigChannel           0x08003529   Thumb Code   218  stm32f4xx_hal_tim.o(.text)
    HAL_TIM_DMABurst_WriteStart              0x08003613   Thumb Code   238  stm32f4xx_hal_tim.o(.text)
    HAL_TIM_DMABurst_WriteStop               0x08003701   Thumb Code    96  stm32f4xx_hal_tim.o(.text)
    HAL_TIM_DMABurst_ReadStart               0x08003761   Thumb Code   240  stm32f4xx_hal_tim.o(.text)
    HAL_TIM_DMABurst_ReadStop                0x08003851   Thumb Code    96  stm32f4xx_hal_tim.o(.text)
    HAL_TIM_GenerateEvent                    0x080038b1   Thumb Code    38  stm32f4xx_hal_tim.o(.text)
    HAL_TIM_ConfigOCrefClear                 0x080038d7   Thumb Code   172  stm32f4xx_hal_tim.o(.text)
    HAL_TIM_ConfigClockSource                0x08003983   Thumb Code   262  stm32f4xx_hal_tim.o(.text)
    HAL_TIM_ConfigTI1Input                   0x08003a89   Thumb Code    16  stm32f4xx_hal_tim.o(.text)
    HAL_TIM_SlaveConfigSynchronization       0x08003b15   Thumb Code    66  stm32f4xx_hal_tim.o(.text)
    HAL_TIM_SlaveConfigSynchronization_IT    0x08003b57   Thumb Code    66  stm32f4xx_hal_tim.o(.text)
    HAL_TIM_ReadCapturedValue                0x08003b99   Thumb Code    68  stm32f4xx_hal_tim.o(.text)
    HAL_TIM_Base_GetState                    0x08003bdd   Thumb Code     6  stm32f4xx_hal_tim.o(.text)
    HAL_TIM_OC_GetState                      0x08003be3   Thumb Code     6  stm32f4xx_hal_tim.o(.text)
    HAL_TIM_PWM_GetState                     0x08003be9   Thumb Code     6  stm32f4xx_hal_tim.o(.text)
    HAL_TIM_IC_GetState                      0x08003bef   Thumb Code     6  stm32f4xx_hal_tim.o(.text)
    HAL_TIM_OnePulse_GetState                0x08003bf5   Thumb Code     6  stm32f4xx_hal_tim.o(.text)
    HAL_TIM_Encoder_GetState                 0x08003bfb   Thumb Code     6  stm32f4xx_hal_tim.o(.text)
    HAL_UART_Init                            0x08003f13   Thumb Code    98  stm32f4xx_hal_uart.o(.text)
    HAL_HalfDuplex_Init                      0x08003f75   Thumb Code   108  stm32f4xx_hal_uart.o(.text)
    HAL_LIN_Init                             0x08003fe1   Thumb Code   128  stm32f4xx_hal_uart.o(.text)
    HAL_MultiProcessor_Init                  0x08004061   Thumb Code   150  stm32f4xx_hal_uart.o(.text)
    HAL_UART_DeInit                          0x080040f9   Thumb Code    40  stm32f4xx_hal_uart.o(.text)
    HAL_UART_Transmit                        0x08004183   Thumb Code   186  stm32f4xx_hal_uart.o(.text)
    HAL_UART_Receive                         0x0800423d   Thumb Code   182  stm32f4xx_hal_uart.o(.text)
    HAL_UART_Transmit_IT                     0x080042f3   Thumb Code    62  stm32f4xx_hal_uart.o(.text)
    HAL_UART_Receive_IT                      0x08004331   Thumb Code    72  stm32f4xx_hal_uart.o(.text)
    HAL_UART_ErrorCallback                   0x08004379   Thumb Code     2  stm32f4xx_hal_uart.o(.text)
    HAL_UART_TxHalfCpltCallback              0x080043c5   Thumb Code     2  stm32f4xx_hal_uart.o(.text)
    HAL_UART_TxCpltCallback                  0x080043d1   Thumb Code     2  stm32f4xx_hal_uart.o(.text)
    HAL_UART_Transmit_DMA                    0x08004401   Thumb Code   114  stm32f4xx_hal_uart.o(.text)
    HAL_UART_RxHalfCpltCallback              0x08004473   Thumb Code     2  stm32f4xx_hal_uart.o(.text)
    HAL_UART_RxCpltCallback                  0x0800447f   Thumb Code     2  stm32f4xx_hal_uart.o(.text)
    HAL_UART_Receive_DMA                     0x080044bd   Thumb Code   132  stm32f4xx_hal_uart.o(.text)
    HAL_UART_DMAPause                        0x08004541   Thumb Code   102  stm32f4xx_hal_uart.o(.text)
    HAL_UART_DMAResume                       0x080045a7   Thumb Code    94  stm32f4xx_hal_uart.o(.text)
    HAL_UART_DMAStop                         0x08004605   Thumb Code    88  stm32f4xx_hal_uart.o(.text)
    HAL_UART_IRQHandler                      0x080046f9   Thumb Code   264  stm32f4xx_hal_uart.o(.text)
    HAL_LIN_SendBreak                        0x08004801   Thumb Code    72  stm32f4xx_hal_uart.o(.text)
    HAL_MultiProcessor_EnterMuteMode         0x08004849   Thumb Code    46  stm32f4xx_hal_uart.o(.text)
    HAL_MultiProcessor_ExitMuteMode          0x08004877   Thumb Code    46  stm32f4xx_hal_uart.o(.text)
    HAL_HalfDuplex_EnableTransmitter         0x080048a5   Thumb Code    50  stm32f4xx_hal_uart.o(.text)
    HAL_HalfDuplex_EnableReceiver            0x080048d7   Thumb Code    50  stm32f4xx_hal_uart.o(.text)
    HAL_UART_GetState                        0x08004909   Thumb Code    10  stm32f4xx_hal_uart.o(.text)
    HAL_UART_GetError                        0x08004913   Thumb Code     4  stm32f4xx_hal_uart.o(.text)
    HAL_TIMEx_HallSensor_MspInit             0x080049a9   Thumb Code     2  stm32f4xx_hal_tim_ex.o(.text)
    HAL_TIMEx_HallSensor_Init                0x080049ab   Thumb Code   176  stm32f4xx_hal_tim_ex.o(.text)
    HAL_TIMEx_HallSensor_MspDeInit           0x08004a5b   Thumb Code     2  stm32f4xx_hal_tim_ex.o(.text)
    HAL_TIMEx_HallSensor_DeInit              0x08004a5d   Thumb Code    56  stm32f4xx_hal_tim_ex.o(.text)
    HAL_TIMEx_HallSensor_Start               0x08004a95   Thumb Code    28  stm32f4xx_hal_tim_ex.o(.text)
    HAL_TIMEx_HallSensor_Stop                0x08004ab1   Thumb Code    46  stm32f4xx_hal_tim_ex.o(.text)
    HAL_TIMEx_HallSensor_Start_IT            0x08004adf   Thumb Code    38  stm32f4xx_hal_tim_ex.o(.text)
    HAL_TIMEx_HallSensor_Stop_IT             0x08004b05   Thumb Code    56  stm32f4xx_hal_tim_ex.o(.text)
    HAL_TIMEx_HallSensor_Start_DMA           0x08004b3d   Thumb Code    96  stm32f4xx_hal_tim_ex.o(.text)
    HAL_TIMEx_HallSensor_Stop_DMA            0x08004b9d   Thumb Code    56  stm32f4xx_hal_tim_ex.o(.text)
    HAL_TIMEx_OCN_Start                      0x08004bd5   Thumb Code    36  stm32f4xx_hal_tim_ex.o(.text)
    HAL_TIMEx_OCN_Stop                       0x08004bf9   Thumb Code    68  stm32f4xx_hal_tim_ex.o(.text)
    HAL_TIMEx_OCN_Start_IT                   0x08004c3d   Thumb Code    96  stm32f4xx_hal_tim_ex.o(.text)
    HAL_TIMEx_OCN_Stop_IT                    0x08004c9d   Thumb Code   134  stm32f4xx_hal_tim_ex.o(.text)
    HAL_TIMEx_OCN_Start_DMA                  0x08004d23   Thumb Code   210  stm32f4xx_hal_tim_ex.o(.text)
    HAL_TIMEx_OCN_Stop_DMA                   0x08004df5   Thumb Code   124  stm32f4xx_hal_tim_ex.o(.text)
    HAL_TIMEx_PWMN_Start                     0x08004e71   Thumb Code    36  stm32f4xx_hal_tim_ex.o(.text)
    HAL_TIMEx_PWMN_Stop                      0x08004e95   Thumb Code    68  stm32f4xx_hal_tim_ex.o(.text)
    HAL_TIMEx_PWMN_Start_IT                  0x08004ed9   Thumb Code    96  stm32f4xx_hal_tim_ex.o(.text)
    HAL_TIMEx_PWMN_Stop_IT                   0x08004f39   Thumb Code   148  stm32f4xx_hal_tim_ex.o(.text)
    HAL_TIMEx_PWMN_Start_DMA                 0x08004fcd   Thumb Code   210  stm32f4xx_hal_tim_ex.o(.text)
    HAL_TIMEx_PWMN_Stop_DMA                  0x0800509f   Thumb Code   124  stm32f4xx_hal_tim_ex.o(.text)
    HAL_TIMEx_OnePulseN_Start                0x0800511b   Thumb Code    26  stm32f4xx_hal_tim_ex.o(.text)
    HAL_TIMEx_OnePulseN_Stop                 0x08005135   Thumb Code    68  stm32f4xx_hal_tim_ex.o(.text)
    HAL_TIMEx_OnePulseN_Start_IT             0x08005179   Thumb Code    46  stm32f4xx_hal_tim_ex.o(.text)
    HAL_TIMEx_OnePulseN_Stop_IT              0x080051a7   Thumb Code    88  stm32f4xx_hal_tim_ex.o(.text)
    HAL_TIMEx_ConfigCommutationEvent         0x080051ff   Thumb Code    92  stm32f4xx_hal_tim_ex.o(.text)
    HAL_TIMEx_ConfigCommutationEvent_IT      0x0800525b   Thumb Code   102  stm32f4xx_hal_tim_ex.o(.text)
    HAL_TIMEx_CommutationCallback            0x080052c1   Thumb Code     2  stm32f4xx_hal_tim_ex.o(.text)
    TIMEx_DMACommutationCplt                 0x080052c3   Thumb Code    16  stm32f4xx_hal_tim_ex.o(.text)
    HAL_TIMEx_ConfigCommutationEvent_DMA     0x080052d3   Thumb Code   116  stm32f4xx_hal_tim_ex.o(.text)
    HAL_TIMEx_MasterConfigSynchronization    0x08005347   Thumb Code    80  stm32f4xx_hal_tim_ex.o(.text)
    HAL_TIMEx_ConfigBreakDeadTime            0x08005397   Thumb Code    74  stm32f4xx_hal_tim_ex.o(.text)
    HAL_TIMEx_RemapConfig                    0x080053e1   Thumb Code    34  stm32f4xx_hal_tim_ex.o(.text)
    HAL_TIMEx_BreakCallback                  0x08005403   Thumb Code     2  stm32f4xx_hal_tim_ex.o(.text)
    HAL_TIMEx_HallSensor_GetState            0x08005405   Thumb Code     6  stm32f4xx_hal_tim_ex.o(.text)
    HAL_RCC_OscConfig                        0x08005423   Thumb Code   720  stm32f4xx_hal_rcc.o(.text)
    HAL_RCC_GetSysClockFreq                  0x080056f3   Thumb Code   104  stm32f4xx_hal_rcc.o(.text)
    HAL_RCC_ClockConfig                      0x0800575b   Thumb Code   396  stm32f4xx_hal_rcc.o(.text)
    HAL_RCC_MCOConfig                        0x080058e7   Thumb Code   126  stm32f4xx_hal_rcc.o(.text)
    HAL_RCC_EnableCSS                        0x08005965   Thumb Code     8  stm32f4xx_hal_rcc.o(.text)
    HAL_RCC_DisableCSS                       0x0800596d   Thumb Code     8  stm32f4xx_hal_rcc.o(.text)
    HAL_RCC_GetHCLKFreq                      0x08005975   Thumb Code     6  stm32f4xx_hal_rcc.o(.text)
    HAL_RCC_GetPCLK1Freq                     0x0800597b   Thumb Code    36  stm32f4xx_hal_rcc.o(.text)
    HAL_RCC_GetPCLK2Freq                     0x0800599f   Thumb Code    36  stm32f4xx_hal_rcc.o(.text)
    HAL_RCC_GetOscConfig                     0x080059c3   Thumb Code   220  stm32f4xx_hal_rcc.o(.text)
    HAL_RCC_GetClockConfig                   0x08005a9f   Thumb Code    56  stm32f4xx_hal_rcc.o(.text)
    HAL_RCC_CSSCallback                      0x08005ad7   Thumb Code     2  stm32f4xx_hal_rcc.o(.text)
    HAL_RCC_NMI_IRQHandler                   0x08005ad9   Thumb Code    26  stm32f4xx_hal_rcc.o(.text)
    HAL_NVIC_SetPriorityGrouping             0x08005b11   Thumb Code    26  stm32f4xx_hal_cortex.o(.text)
    HAL_NVIC_SetPriority                     0x08005b2b   Thumb Code    60  stm32f4xx_hal_cortex.o(.text)
    HAL_NVIC_EnableIRQ                       0x08005b67   Thumb Code    22  stm32f4xx_hal_cortex.o(.text)
    HAL_NVIC_DisableIRQ                      0x08005b7d   Thumb Code    22  stm32f4xx_hal_cortex.o(.text)
    HAL_NVIC_SystemReset                     0x08005b93   Thumb Code    28  stm32f4xx_hal_cortex.o(.text)
    HAL_SYSTICK_Config                       0x08005baf   Thumb Code    40  stm32f4xx_hal_cortex.o(.text)
    HAL_MPU_ConfigRegion                     0x08005bd7   Thumb Code    82  stm32f4xx_hal_cortex.o(.text)
    HAL_NVIC_GetPriorityGrouping             0x08005c29   Thumb Code    10  stm32f4xx_hal_cortex.o(.text)
    HAL_NVIC_GetPriority                     0x08005c33   Thumb Code    82  stm32f4xx_hal_cortex.o(.text)
    HAL_NVIC_SetPendingIRQ                   0x08005c85   Thumb Code    22  stm32f4xx_hal_cortex.o(.text)
    HAL_NVIC_GetPendingIRQ                   0x08005c9b   Thumb Code    32  stm32f4xx_hal_cortex.o(.text)
    HAL_NVIC_ClearPendingIRQ                 0x08005cbb   Thumb Code    22  stm32f4xx_hal_cortex.o(.text)
    HAL_NVIC_GetActive                       0x08005cd1   Thumb Code    32  stm32f4xx_hal_cortex.o(.text)
    HAL_SYSTICK_CLKSourceConfig              0x08005cf1   Thumb Code    24  stm32f4xx_hal_cortex.o(.text)
    HAL_SYSTICK_Callback                     0x08005d09   Thumb Code     2  stm32f4xx_hal_cortex.o(.text)
    HAL_SYSTICK_IRQHandler                   0x08005d0b   Thumb Code     8  stm32f4xx_hal_cortex.o(.text)
    HAL_GPIO_Init                            0x08005d3d   Thumb Code   388  stm32f4xx_hal_gpio.o(.text)
    HAL_GPIO_DeInit                          0x08005ec1   Thumb Code   288  stm32f4xx_hal_gpio.o(.text)
    HAL_GPIO_ReadPin                         0x08005fe1   Thumb Code    10  stm32f4xx_hal_gpio.o(.text)
    HAL_GPIO_WritePin                        0x08005feb   Thumb Code    10  stm32f4xx_hal_gpio.o(.text)
    HAL_GPIO_TogglePin                       0x08005ff5   Thumb Code     8  stm32f4xx_hal_gpio.o(.text)
    HAL_GPIO_LockPin                         0x08005ffd   Thumb Code    34  stm32f4xx_hal_gpio.o(.text)
    HAL_GPIO_EXTI_Callback                   0x0800601f   Thumb Code     2  stm32f4xx_hal_gpio.o(.text)
    HAL_GPIO_EXTI_IRQHandler                 0x08006021   Thumb Code    20  stm32f4xx_hal_gpio.o(.text)
    HAL_InitTick                             0x08006063   Thumb Code    34  stm32f4xx_hal.o(.text)
    HAL_Init                                 0x08006085   Thumb Code    48  stm32f4xx_hal.o(.text)
    HAL_MspDeInit                            0x080060b5   Thumb Code     2  stm32f4xx_hal.o(.text)
    HAL_DeInit                               0x080060b7   Thumb Code    48  stm32f4xx_hal.o(.text)
    HAL_IncTick                              0x080060e7   Thumb Code    10  stm32f4xx_hal.o(.text)
    HAL_GetTick                              0x080060f1   Thumb Code     6  stm32f4xx_hal.o(.text)
    HAL_Delay                                0x080060f7   Thumb Code    24  stm32f4xx_hal.o(.text)
    HAL_SuspendTick                          0x0800610f   Thumb Code    14  stm32f4xx_hal.o(.text)
    HAL_ResumeTick                           0x0800611d   Thumb Code    14  stm32f4xx_hal.o(.text)
    HAL_GetHalVersion                        0x0800612b   Thumb Code     4  stm32f4xx_hal.o(.text)
    HAL_GetREVID                             0x0800612f   Thumb Code     8  stm32f4xx_hal.o(.text)
    HAL_GetDEVID                             0x08006137   Thumb Code    10  stm32f4xx_hal.o(.text)
    HAL_DBGMCU_EnableDBGSleepMode            0x08006141   Thumb Code    12  stm32f4xx_hal.o(.text)
    HAL_DBGMCU_DisableDBGSleepMode           0x0800614d   Thumb Code    12  stm32f4xx_hal.o(.text)
    HAL_DBGMCU_EnableDBGStopMode             0x08006159   Thumb Code    12  stm32f4xx_hal.o(.text)
    HAL_DBGMCU_DisableDBGStopMode            0x08006165   Thumb Code    12  stm32f4xx_hal.o(.text)
    HAL_DBGMCU_EnableDBGStandbyMode          0x08006171   Thumb Code    12  stm32f4xx_hal.o(.text)
    HAL_DBGMCU_DisableDBGStandbyMode         0x0800617d   Thumb Code    12  stm32f4xx_hal.o(.text)
    HAL_EnableCompensationCell               0x08006189   Thumb Code    22  stm32f4xx_hal.o(.text)
    HAL_DisableCompensationCell              0x0800619f   Thumb Code    24  stm32f4xx_hal.o(.text)
    __scatterload                            0x080061d5   Thumb Code    28  init.o(.text)
    __scatterload_rt2                        0x080061d5   Thumb Code     0  init.o(.text)
    __scatterload_copy                       0x080061f9   Thumb Code    14  handlers.o(i.__scatterload_copy)
    __scatterload_null                       0x08006207   Thumb Code     2  handlers.o(i.__scatterload_null)
    __scatterload_zeroinit                   0x08006209   Thumb Code    14  handlers.o(i.__scatterload_zeroinit)
    AHBPrescTable                            0x08006216   Data          16  system_stm32f4xx.o(.constdata)
    APBAHBPrescTable                         0x0800622e   Data          16  stm32f4xx_hal_rcc.o(.constdata)
    Region$$Table$$Base                      0x08006240   Number         0  anon$$obj.o(Region$$Table)
    Region$$Table$$Limit                     0x08006260   Number         0  anon$$obj.o(Region$$Table)
    s1                                       0x20000000   Data           1  main.o(.data)
    s2                                       0x20000001   Data           1  main.o(.data)
    s3                                       0x20000002   Data           1  main.o(.data)
    ad                                       0x20000004   Data           4  main.o(.data)
    count                                    0x20000008   Data           4  main.o(.data)
    v                                        0x2000000c   Data           4  main.o(.data)
    SystemCoreClock                          0x20000010   Data           4  system_stm32f4xx.o(.data)
    uwTick                                   0x20000014   Data           4  stm32f4xx_hal.o(.data)
    hadc1                                    0x20000018   Data          72  main.o(.bss)
    htim1                                    0x20000060   Data          60  main.o(.bss)
    huart4                                   0x2000009c   Data          64  main.o(.bss)
    GPIOE_InitStruct                         0x200000dc   Data          20  main.o(.bss)
    GPIOC_InitStruct                         0x200000f0   Data          20  main.o(.bss)
    __initial_sp                             0x20000508   Data           0  startup_stm32f407xx.o(STACK)



==============================================================================

Memory Map of the image

  Image Entry point : 0x08000189

  Load Region LR_IROM1 (Base: 0x08000000, Size: 0x00006278, Max: 0x00100000, ABSOLUTE)

    Execution Region ER_IROM1 (Base: 0x08000000, Size: 0x00006260, Max: 0x00100000, ABSOLUTE)

    Base Addr    Size         Type   Attr      Idx    E Section Name        Object

    0x08000000   0x00000188   Data   RO          216    RESET               startup_stm32f407xx.o
    0x08000188   0x00000000   Code   RO          640  * .ARM.Collect$$$$00000000  mc_w.l(entry.o)
    0x08000188   0x00000004   Code   RO          643    .ARM.Collect$$$$00000001  mc_w.l(entry2.o)
    0x0800018c   0x00000004   Code   RO          646    .ARM.Collect$$$$00000004  mc_w.l(entry5.o)
    0x08000190   0x00000000   Code   RO          648    .ARM.Collect$$$$00000008  mc_w.l(entry7b.o)
    0x08000190   0x00000000   Code   RO          650    .ARM.Collect$$$$0000000A  mc_w.l(entry8b.o)
    0x08000190   0x00000008   Code   RO          651    .ARM.Collect$$$$0000000B  mc_w.l(entry9a.o)
    0x08000198   0x00000000   Code   RO          653    .ARM.Collect$$$$0000000D  mc_w.l(entry10a.o)
    0x08000198   0x00000000   Code   RO          655    .ARM.Collect$$$$0000000F  mc_w.l(entry11a.o)
    0x08000198   0x00000004   Code   RO          644    .ARM.Collect$$$$00002712  mc_w.l(entry2.o)
    0x0800019c   0x0000001e   Code   RO            4    .text               stm32f4xx_it.o
    0x080001ba   0x00000002   PAD
    0x080001bc   0x00000150   Code   RO          133    .text               stm32f4xx_hal_msp.o
    0x0800030c   0x000002ac   Code   RO          157    .text               main.o
    0x080005b8   0x000000cc   Code   RO          186    .text               system_stm32f4xx.o
    0x08000684   0x00000024   Code   RO          217    .text               startup_stm32f407xx.o
    0x080006a8   0x000006f4   Code   RO          251    .text               stm32f4xx_hal_adc_ex.o
    0x08000d9c   0x000006c4   Code   RO          299    .text               stm32f4xx_hal_dma.o
    0x08001460   0x000009a8   Code   RO          342    .text               stm32f4xx_hal_adc.o
    0x08001e08   0x00001e62   Code   RO          366    .text               stm32f4xx_hal_tim.o
    0x08003c6a   0x00000002   PAD
    0x08003c6c   0x00000d3a   Code   RO          416    .text               stm32f4xx_hal_uart.o
    0x080049a6   0x00000002   PAD
    0x080049a8   0x00000a78   Code   RO          440    .text               stm32f4xx_hal_tim_ex.o
    0x08005420   0x000006f0   Code   RO          464    .text               stm32f4xx_hal_rcc.o
    0x08005b10   0x0000022c   Code   RO          492    .text               stm32f4xx_hal_cortex.o
    0x08005d3c   0x00000324   Code   RO          520    .text               stm32f4xx_hal_gpio.o
    0x08006060   0x00000174   Code   RO          544    .text               stm32f4xx_hal.o
    0x080061d4   0x00000024   Code   RO          657    .text               mc_w.l(init.o)
    0x080061f8   0x0000000e   Code   RO          661    i.__scatterload_copy  mc_w.l(handlers.o)
    0x08006206   0x00000002   Code   RO          662    i.__scatterload_null  mc_w.l(handlers.o)
    0x08006208   0x0000000e   Code   RO          663    i.__scatterload_zeroinit  mc_w.l(handlers.o)
    0x08006216   0x00000010   Data   RO          187    .constdata          system_stm32f4xx.o
    0x08006226   0x00000008   Data   RO          300    .constdata          stm32f4xx_hal_dma.o
    0x0800622e   0x00000010   Data   RO          465    .constdata          stm32f4xx_hal_rcc.o
    0x0800623e   0x00000002   PAD
    0x08006240   0x00000020   Data   RO          659    Region$$Table       anon$$obj.o


    Execution Region RW_IRAM1 (Base: 0x20000000, Size: 0x00000508, Max: 0x00020000, ABSOLUTE)

    Base Addr    Size         Type   Attr      Idx    E Section Name        Object

    0x20000000   0x00000010   Data   RW          159    .data               main.o
    0x20000010   0x00000004   Data   RW          188    .data               system_stm32f4xx.o
    0x20000014   0x00000004   Data   RW          545    .data               stm32f4xx_hal.o
    0x20000018   0x000000ec   Zero   RW          158    .bss                main.o
    0x20000104   0x00000004   PAD
    0x20000108   0x00000400   Zero   RW          214    STACK               startup_stm32f407xx.o


==============================================================================

Image component sizes


      Code (inc. data)   RO Data    RW Data    ZI Data      Debug   Object Name

       684         44          0         16        236       3033   main.o
        36          8        392          0       1024        780   startup_stm32f407xx.o
       372         30          0          4          0       4723   stm32f4xx_hal.o
      2472         62          0          0          0       7331   stm32f4xx_hal_adc.o
      1780         42          0          0          0       5434   stm32f4xx_hal_adc_ex.o
       556         10          0          0          0      31239   stm32f4xx_hal_cortex.o
      1732         38          8          0          0       6205   stm32f4xx_hal_dma.o
       804         44          0          0          0       3523   stm32f4xx_hal_gpio.o
       336         26          0          0          0       2152   stm32f4xx_hal_msp.o
      1776         58         16          0          0       5504   stm32f4xx_hal_rcc.o
      7778        124          0          0          0      26928   stm32f4xx_hal_tim.o
      2680         22          0          0          0      10070   stm32f4xx_hal_tim_ex.o
      3386         32          0          0          0      11215   stm32f4xx_hal_uart.o
        30          0          0          0          0     341966   stm32f4xx_it.o
       204         32         16          4          0       1575   system_stm32f4xx.o

    ----------------------------------------------------------------------
     24632        572        466         24       1264     461678   Object Totals
         0          0         32          0          0          0   (incl. Generated)
         6          0          2          0          4          0   (incl. Padding)

    ----------------------------------------------------------------------

      Code (inc. data)   RO Data    RW Data    ZI Data      Debug   Library Member Name

         0          0          0          0          0          0   entry.o
         0          0          0          0          0          0   entry10a.o
         0          0          0          0          0          0   entry11a.o
         8          4          0          0          0          0   entry2.o
         4          0          0          0          0          0   entry5.o
         0          0          0          0          0          0   entry7b.o
         0          0          0          0          0          0   entry8b.o
         8          4          0          0          0          0   entry9a.o
        30          0          0          0          0          0   handlers.o
        36          8          0          0          0         68   init.o

    ----------------------------------------------------------------------
        86         16          0          0          0         68   Library Totals
         0          0          0          0          0          0   (incl. Padding)

    ----------------------------------------------------------------------

      Code (inc. data)   RO Data    RW Data    ZI Data      Debug   Library Name

        86         16          0          0          0         68   mc_w.l

    ----------------------------------------------------------------------
        86         16          0          0          0         68   Library Totals

    ----------------------------------------------------------------------

==============================================================================


      Code (inc. data)   RO Data    RW Data    ZI Data      Debug   

     24718        588        466         24       1264     457650   Grand Totals
     24718        588        466         24       1264     457650   ELF Image Totals
     24718        588        466         24          0          0   ROM Totals

==============================================================================

    Total RO  Size (Code + RO Data)                25184 (  24.59kB)
    Total RW  Size (RW Data + ZI Data)              1288 (   1.26kB)
    Total ROM Size (Code + RO Data + RW Data)      25208 (  24.62kB)

==============================================================================

